next, and the end
 1. it = iter([1, 2]); type(it).__name__                           'list_iterator'
 2. next(it)                                                       1
 3. hasattr(it, "peek")  (no peek: see the prose)                  False
 4. next(it)                                                       2
 5. next(it) at the end raises: class, ex.value                    ['StopIteration', None]
 6. next(it) again: still exhausted; next(it, "default")           ['StopIteration', 'default']
 7. hasattr(it, "rewind"), iter(it) is it, next(iter([1, 2]))      [False, True, 1]
 8. length_hint(iter([1, 2])), length_hint(count()), len raises    [2, 0, 'TypeError']

for catches StopIteration silently, and a statement has no value
 9. seen; (a for loop has no value to compare)                     [[10, 20, 30], None]

There is one cursor: list() and for continue from where next left it
10. next(it3); list(it3); next(it3, "exhausted")                   [10, [20, 30], 'exhausted']
11. list(enumerate(iter([1, 2]), 1))                               [(1, 1), (2, 2)]

Generators built by hand, and what they leave in StopIteration.value
12. yield 1; yield 2; return 'done': next x2, ex.value             [[1, 2], 'done']
13. for/list drop the return value; yield from captures it         [[1, 2], [1, 2, 'the_return']]
14. a raise inside the generator comes out of next                 ['a', 'RuntimeError: boom']
15. list(islice(produce(1, lambda x: x * 2), 5))                   [1, 2, 4, 8, 16]
16. next(iter(x)) for range(3), "abc", {"a": 1}.items()            [0, 'a', ('a', 1)]
17. StopIteration.__mro__ names  (except Exception catches it)     ['StopIteration', 'Exception', 'BaseException']
18. next(it2, "exhausted") on the it2 that for drained             'exhausted'
