 1. python child.py 1 two -- sys.argv holds strs       sys.argv=['child.py', '1', 'two'] classes=['str', 'str', 'str']
 2.   argv[0] is the script as invoked; __name__       __file__=child.py sys.argv[0]=child.py __name__=__main__ main?=True
 3.   os.environ.get gives a str or None               os.environ.get('DEMO_X')='1' os.environ.get('DEMO_MISSING')=None
 4.   os.environ.get with a default                    get with defaults: '1' 'd'
 5.   os.environ[] without one                         KeyError: 'DEMO_MISSING'
 6.   os.environ values must be strs                   TypeError
 7.   os.environ is not a dict, but it is a Mapping    type=_Environ isinstance(dict)=False dict(os.environ) is a dict iterable=True
 8.   the child ran sys.exit(2): returncode, ok?       2, False
 9.   the status is just an int                        int
10. python main.py, which imports child                __file__=child.py sys.argv[0]=main.py __name__=child main?=False
11.   the helper is defined, the guarded part did not run helper from child.py; in main.py: sys.argv[0]=main.py; exit=0
12. sys.exit() with no argument                        0
13. sys.exit(True) -- True is the int 1                1
14. sys.exit(False) -- False is the int 0              0
15. sys.exit('bye'): status, and stderr                1, ['bye']
16. an uncaught exception                              1
17. argparse: -n 3 --verbose in.txt                    count=3 verbose=True file='in.txt' exit=0
18.   an unknown option: exit, stderr starts with usage: 2, True
19.   a non-int for -n: exit, stderr starts with usage: 2, True
20.   -h prints the generated help and exits           0 (text differs between 3.12 and 3.14, so it is not shown)
