How often the key is computed
 1. sorted(words, key=key): key calls, result                          [8, ['fig', 'date', 'kiwi', 'pear', 'plum', 'apple', 'banana', 'cherry']]
 2. cmp_to_key(compare): key calls >= 2 * (n - 1), same result         [True, True]
 3. compare ran at least n - 1 times  (exact count: Python version)    True

Equal keys: sorted is stable, so the tie order is the input order, and it can be printed
 4. ages; non-decreasing?; the same people?; and the names             [[25, 25, 30, 30, 30, 41], True, True, ['Bob', 'Abe', 'Ann', 'Cid', 'Fay', 'Eve']]
 5. the with_index idiom, sorted(enumerate(people), key=(age, i))      ['Bob', 'Abe', 'Ann', 'Cid', 'Fay', 'Eve']
 6. sorted(..., key=attrgetter("age", "name"))  (tiebreak by name)     ['Abe', 'Bob', 'Ann', 'Cid', 'Fay', 'Eve']
 7. reverse=True keeps ties in input order; reversed(...) does not     [['Eve', 'Ann', 'Cid', 'Fay', 'Bob', 'Abe'], ['Eve', 'Fay', 'Cid', 'Ann', 'Abe', 'Bob']]

sorted, list.sort, and comparison functions
 8. s = sorted(nums); s, nums, s is nums; nums.sort() returns          [[1, 2, 3], [1, 2, 3], False, None]
 9. sorted(reverse=True), sorted()[::-1], key=-x, heapq.nlargest(2)    [[3, 2, 1], [3, 2, 1], [3, 2, 1], [3, 2]]
10. sorted([3, "a", 2]), sorted([3, None])  (type only)                ['TypeError', 'TypeError']
11. cmp_to_key(lambda a, b: None)  (must return a number)              'TypeError'

min, max, and strings
12. min(people, key=attrgetter("name")).name, max(..."age").name       ['Abe', 'Eve']
13. sorted(["b", "a", "C"]), sorted(..., key=str.lower)                [['C', 'a', 'b'], ['a', 'b', 'C']]
14. sorted(["10", "9", "100"]), sorted(..., key=int)                   [['10', '100', '9'], ['9', '10', '100']]
15. strs.sort(key=int) returns None; strs; hasattr(tuple, "sort")      [None, ['9', '10', '100'], False]
16. sorted({"b": 2, "a": 1}.items(), key=itemgetter(1)), dict(...)     [[('a', 1), ('b', 2)], {'a': 1, 'b': 2}]
