The idiom pairs
 1. for x in [1, 2, 3]: out += str(x)        '123'
 2. [x * x for x in xs if x % 2 == 0]        [4, 16]
 3. not [] / not [1]                         True / False
 4. a = [3, 1]; a.sort() returns             None  (a is now [1, 3])
 5. if not any([]): "empty"                  'empty'
 6. person.name = "ann"  (no declaration)    'ann'
 7. type(None).__name__ / repr(None) / str(None) NoneType / None / 'None'
 8. r = print("hi")  (printed 'hi\n')        r = None
 9. import json twice                        module / True  (loaded once, cached in sys.modules)
10. {"a": 1}["a"] / .get("z") / .get("z", 0) 1 / None / 0
11. sys.intern("a") is sys.intern("a") / Key.A True / <Key.A: 'a'>
12. class Host(Greeting): Host().hello()     'hello from the mixin'  mro ['Host', 'Greeting', 'object']
13. @total_ordering, __lt__ and __eq__: V(1) < V(2) True  <= True
14. __iter__ only: sorted(bag) / map         [1, 2] / [20, 10]
15. __getattr__: Finder().find_by_name("x")  'name=x'
16. namedtuple("Point", "x y")(1, 2)         Point(x=1, y=2)
17. frozen dataclass: replace(y=5) / set .x  Coord(x=1, y=5) / FrozenInstanceError
18. match: shape([1, 2]) / shape({"name": "ann"}) 'pair 1,2' / 'named ann'
19. Fraction(1, 3) + Fraction(1, 6)          Fraction(1, 2)

One obvious way: the aliases Ruby has do not exist
    hasattr([], 'collect') False, hasattr([], 'filter') False, hasattr([], 'length') False, hasattr([], 'size') False, hasattr(5, 'then') False

The Zen, as `import this` prints it
The Zen of Python, by Tim Peters

Beautiful is better than ugly.
Explicit is better than implicit.
Simple is better than complex.
Complex is better than complicated.
Flat is better than nested.
Sparse is better than dense.
Readability counts.
Special cases aren't special enough to break the rules.
Although practicality beats purity.
Errors should never pass silently.
Unless explicitly silenced.
In the face of ambiguity, refuse the temptation to guess.
There should be one-- and preferably only one --obvious way to do it.
Although that way may not be obvious at first unless you're Dutch.
Now is better than never.
Although never is often better than *right* now.
If the implementation is hard to explain, it's a bad idea.
If the implementation is easy to explain, it may be a good idea.
Namespaces are one honking great idea -- let's do more of those!

Word frequency, the same program in both languages
    the      4
    and      2
    barks    2
    dog      2
    fox      2
